[templates.aucreative.co/bemax/index.html]
[templates.aucreative.co/bemax/images/icon/favicon.ico]
[backblue.gif]
[fade.gif]
[index.html]
[templates.aucreative.co/bemax/images/icon/logo_01.png]
[templates.aucreative.co/bemax/index3.html]
[templates.aucreative.co/bemax/index2.html]
[templates.aucreative.co/bemax/index4.html]
[templates.aucreative.co/bemax/index5.html]
[templates.aucreative.co/bemax/index6.html]
[templates.aucreative.co/bemax/typography.html]
[templates.aucreative.co/bemax/element.html]
[templates.aucreative.co/bemax/about.html]
[templates.aucreative.co/bemax/service.html]
[templates.aucreative.co/bemax/shop.html]
[templates.aucreative.co/bemax/404.html]
[templates.aucreative.co/bemax/coming.html]
[templates.aucreative.co/bemax/port-1.html]
[templates.aucreative.co/bemax/port-2.html]
[templates.aucreative.co/bemax/port-3.html]
[templates.aucreative.co/bemax/port-detail.html]
[templates.aucreative.co/bemax/blog-grid.html]
[templates.aucreative.co/bemax/blog-list.html]
[templates.aucreative.co/bemax/blog-detail.html]
[templates.aucreative.co/bemax/contact.html]
[templates.aucreative.co/bemax/images/slide_01.jpg]
[templates.aucreative.co/bemax/images/slide_02.jpg]
[templates.aucreative.co/bemax/images/slide_03.jpg]
[templates.aucreative.co/bemax/images/iconbox_01.jpg]
[templates.aucreative.co/bemax/images/iconbox_02.jpg]
[templates.aucreative.co/bemax/images/iconbox_03.jpg]
[templates.aucreative.co/bemax/images/project_01.jpg]
[templates.aucreative.co/bemax/images/project_02.jpg]
[templates.aucreative.co/bemax/images/project_03.jpg]
[templates.aucreative.co/bemax/images/project_04.jpg]
[templates.aucreative.co/bemax/images/video_01.jpg]
[templates.aucreative.co/bemax/images/hire_us.png]
[templates.aucreative.co/bemax/images/blog_01.jpg]
[templates.aucreative.co/bemax/images/blog_02.jpg]
[templates.aucreative.co/bemax/images/blog_03.jpg]
[templates.aucreative.co/bemax/images/user_01.png]
[templates.aucreative.co/bemax/images/user_02.png]
[templates.aucreative.co/bemax/images/partner_01.png]
[templates.aucreative.co/bemax/images/partner_02.png]
[templates.aucreative.co/bemax/images/partner_03.png]
[templates.aucreative.co/bemax/images/partner_04.png]
[templates.aucreative.co/bemax/images/partner_05.png]
[templates.aucreative.co/bemax/images/partner_06.png]
[templates.aucreative.co/bemax/images/icon/logo_02.png]
[templates.aucreative.co/bemax/vendor/jquery/jquery.min.js]
[templates.aucreative.co/bemax/vendor/bootstrap/js/bootstrap.min.js]
[templates.aucreative.co/bemax/vendor/jquery/jquery-ui.min.js]
[templates.aucreative.co/bemax/vendor/easing/jquery.easing.min.js]
[templates.aucreative.co/bemax/vendor/mbbootstrap/mdb.min.js]
[templates.aucreative.co/bemax/vendor/revolution/js/jquery.themepunch.tools.min.js]
[templates.aucreative.co/bemax/vendor/revolution/js/jquery.themepunch.revolution.min.js]
[templates.aucreative.co/bemax/vendor/revolution/js/extensions/revolution.extension.actions.min.js]
[templates.aucreative.co/bemax/vendor/revolution/js/extensions/revolution.extension.carousel.min.js]
[templates.aucreative.co/bemax/vendor/revolution/js/extensions/revolution.extension.kenburn.min.js]
[templates.aucreative.co/bemax/vendor/revolution/js/extensions/revolution.extension.layeranimation.min.js]
[templates.aucreative.co/bemax/vendor/revolution/js/extensions/revolution.extension.migration.min.js]
[templates.aucreative.co/bemax/vendor/revolution/js/extensions/revolution.extension.navigation.min.js]
[templates.aucreative.co/bemax/vendor/revolution/js/extensions/revolution.extension.parallax.min.js]
[templates.aucreative.co/bemax/vendor/revolution/js/extensions/revolution.extension.slideanims.min.js]
[templates.aucreative.co/bemax/vendor/revolution/js/extensions/revolution.extension.video.min.js]
[templates.aucreative.co/bemax/vendor/owlcarousel/dist/owl.carousel.min.js]
[templates.aucreative.co/bemax/vendor/lightcase/lightcase.js]
[templates.aucreative.co/bemax/js/config-slider.min.js]
[templates.aucreative.co/bemax/js/config-owl-carousel.min.js]
[templates.aucreative.co/bemax/js/theme.min.js]
[templates.aucreative.co/bemax/js/color-picker.min.js]
[templates.aucreative.co/bemax/index.html]
[templates.aucreative.co/bemax/vendor/revolution/fonts/revicons/revicons90c6.eot]
[templates.aucreative.co/bemax/vendor/revolution/fonts/revicons/revicons90c6.woff]
[templates.aucreative.co/bemax/vendor/revolution/fonts/revicons/revicons90c6.ttf]
[templates.aucreative.co/bemax/vendor/revolution/assets/gridtile.png]
[templates.aucreative.co/bemax/vendor/revolution/assets/gridtile_white.png]
[templates.aucreative.co/bemax/vendor/revolution/assets/gridtile_3x3.png]
[templates.aucreative.co/bemax/vendor/revolution/assets/gridtile_3x3_white.png]
[templates.aucreative.co/bemax/vendor/revolution/assets/coloredbg.png]
[templates.aucreative.co/bemax/vendor/revolution/assets/loader.gif]
[templates.aucreative.co/bemax/vendor/revolution/css/settings.css]
[templates.aucreative.co/bemax/vendor/revolution/css/layers.css]
[templates.aucreative.co/bemax/vendor/revolution/css/navigation.css]
[templates.aucreative.co/bemax/vendor/bootstrap/css/bootstrap.min.css]
[templates.aucreative.co/bemax/vendor/fonts/fonts/fontawesome-webfont3e6e.eot]
[templates.aucreative.co/bemax/vendor/fonts/fonts/fontawesome-webfontd41d.eot]
[templates.aucreative.co/bemax/vendor/fonts/fonts/fontawesome-webfont3e6e.woff2]
[templates.aucreative.co/bemax/vendor/fonts/fonts/fontawesome-webfont3e6e.woff]
[templates.aucreative.co/bemax/vendor/fonts/fonts/fontawesome-webfont3e6e.ttf]
[templates.aucreative.co/bemax/vendor/fonts/css/font-awesome.min.css]
[templates.aucreative.co/bemax/vendor/slick/slick.css]
[templates.aucreative.co/bemax/vendor/owlcarousel/dist/css/owl.video.play.png]
[templates.aucreative.co/bemax/vendor/owlcarousel/dist/css/owl.carousel.min.css]
[templates.aucreative.co/bemax/images/icon/map.png]
[templates.aucreative.co/bemax/images/icon/bg-pattern.png]
[templates.aucreative.co/bemax/images/icon/bg-pattern_01.png]
[templates.aucreative.co/bemax/images/icon/service-map.png]
[templates.aucreative.co/bemax/images/bg-image_06.jpg]
[templates.aucreative.co/bemax/css/theme.min.css]
[templates.aucreative.co/bemax/fonts/Lato/lato-v14-latin-100.eot]
[templates.aucreative.co/bemax/fonts/Lato/lato-v14-latin-100d41d.eot]
[templates.aucreative.co/bemax/fonts/Lato/lato-v14-latin-100.woff2]
[templates.aucreative.co/bemax/fonts/Lato/lato-v14-latin-100.woff]
[templates.aucreative.co/bemax/fonts/Lato/lato-v14-latin-100.ttf]
[templates.aucreative.co/bemax/fonts/Lato/lato-v14-latin-100italic.eot]
[templates.aucreative.co/bemax/fonts/Lato/lato-v14-latin-100italicd41d.eot]
[templates.aucreative.co/bemax/fonts/Lato/lato-v14-latin-100italic.woff2]
[templates.aucreative.co/bemax/fonts/Lato/lato-v14-latin-100italic.woff]
[templates.aucreative.co/bemax/fonts/Lato/lato-v14-latin-100italic.ttf]
[templates.aucreative.co/bemax/fonts/Lato/lato-v14-latin-300.eot]
[templates.aucreative.co/bemax/fonts/Lato/lato-v14-latin-300.woff2]
[templates.aucreative.co/bemax/fonts/Lato/lato-v14-latin-300d41d.eot]
[templates.aucreative.co/bemax/fonts/Lato/lato-v14-latin-300.woff]
[templates.aucreative.co/bemax/fonts/Lato/lato-v14-latin-300.ttf]
[templates.aucreative.co/bemax/fonts/Lato/lato-v14-latin-300italic.eot]
[templates.aucreative.co/bemax/fonts/Lato/lato-v14-latin-300italic.woff2]
[templates.aucreative.co/bemax/fonts/Lato/lato-v14-latin-300italicd41d.eot]
[templates.aucreative.co/bemax/fonts/Lato/lato-v14-latin-300italic.woff]
[templates.aucreative.co/bemax/fonts/Lato/lato-v14-latin-300italic.ttf]
[templates.aucreative.co/bemax/fonts/Lato/lato-v14-latin-regular.eot]
[templates.aucreative.co/bemax/fonts/Lato/lato-v14-latin-regular.woff2]
[templates.aucreative.co/bemax/fonts/Lato/lato-v14-latin-regulard41d.eot]
[templates.aucreative.co/bemax/fonts/Lato/lato-v14-latin-regular.woff]
[templates.aucreative.co/bemax/fonts/Lato/lato-v14-latin-regular.ttf]
[templates.aucreative.co/bemax/fonts/Lato/lato-v14-latin-italic.eot]
[templates.aucreative.co/bemax/fonts/Lato/lato-v14-latin-italic.woff2]
[templates.aucreative.co/bemax/fonts/Lato/lato-v14-latin-italicd41d.eot]
[templates.aucreative.co/bemax/fonts/Lato/lato-v14-latin-italic.woff]
[templates.aucreative.co/bemax/fonts/Lato/lato-v14-latin-italic.ttf]
[templates.aucreative.co/bemax/fonts/Lato/lato-v14-latin-700.eot]
[templates.aucreative.co/bemax/fonts/Lato/lato-v14-latin-700.woff2]
[templates.aucreative.co/bemax/fonts/Lato/lato-v14-latin-700d41d.eot]
[templates.aucreative.co/bemax/fonts/Lato/lato-v14-latin-700.woff]
[templates.aucreative.co/bemax/fonts/Lato/lato-v14-latin-700.ttf]
[templates.aucreative.co/bemax/fonts/Lato/lato-v14-latin-700italic.eot]
[templates.aucreative.co/bemax/fonts/Lato/lato-v14-latin-700italicd41d.eot]
[templates.aucreative.co/bemax/fonts/Lato/lato-v14-latin-700italic.woff2]
[templates.aucreative.co/bemax/fonts/Lato/lato-v14-latin-700italic.woff]
[templates.aucreative.co/bemax/fonts/Lato/lato-v14-latin-700italic.ttf]
[templates.aucreative.co/bemax/fonts/Lato/lato-v14-latin-900.eot]
[templates.aucreative.co/bemax/fonts/Lato/lato-v14-latin-900.woff2]
[templates.aucreative.co/bemax/fonts/Lato/lato-v14-latin-900.woff]
[templates.aucreative.co/bemax/fonts/Lato/lato-v14-latin-900d41d.eot]
[templates.aucreative.co/bemax/fonts/Lato/lato-v14-latin-900.ttf]
[templates.aucreative.co/bemax/fonts/Lato/lato-v14-latin-900italic.eot]
[templates.aucreative.co/bemax/fonts/Lato/lato-v14-latin-900italicd41d.eot]
[templates.aucreative.co/bemax/fonts/Lato/lato-v14-latin-900italic.woff2]
[templates.aucreative.co/bemax/fonts/Lato/lato-v14-latin-900italic.woff]
[templates.aucreative.co/bemax/fonts/Lato/lato-v14-latin-900italic.ttf]
[templates.aucreative.co/bemax/fonts/DroidSerif/DroidSerif.ttf]
[templates.aucreative.co/bemax/fonts/DroidSerif/DroidSerif-Bold.ttf]
[templates.aucreative.co/bemax/fonts/DroidSerif/DroidSerif-Italic.ttf]
[templates.aucreative.co/bemax/fonts/DroidSerif/DroidSerif-BoldItalic.ttf]
[templates.aucreative.co/bemax/css/font-face.min.css]
[templates.aucreative.co/bemax/css/color-picker.min.css]
[templates.aucreative.co/bemax/css/blue.min.css]
[templates.aucreative.co/bemax/images/slide_05.jpg]
[templates.aucreative.co/bemax/images/person_02.png]
[templates.aucreative.co/bemax/images/person_01.png]
[templates.aucreative.co/bemax/images/slide_06.jpg]
[templates.aucreative.co/bemax/images/person_03.png]
[templates.aucreative.co/bemax/images/icon/iconbox_01.png]
[templates.aucreative.co/bemax/images/icon/iconbox_02.png]
[templates.aucreative.co/bemax/images/icon/iconbox_03.png]
[templates.aucreative.co/bemax/images/about.png]
[templates.aucreative.co/bemax/images/project_05.jpg]
[templates.aucreative.co/bemax/images/project_06.jpg]
[templates.aucreative.co/bemax/images/project_07.jpg]
[templates.aucreative.co/bemax/images/project_08.jpg]
[templates.aucreative.co/bemax/images/project_09.jpg]
[templates.aucreative.co/bemax/images/user_03.png]
[templates.aucreative.co/bemax/images/footer-gallery_01.jpg]
[templates.aucreative.co/bemax/images/footer-gallery_02.jpg]
[templates.aucreative.co/bemax/images/footer-gallery_03.jpg]
[templates.aucreative.co/bemax/images/blog_04.jpg]
[templates.aucreative.co/bemax/images/footer-gallery_04.jpg]
[templates.aucreative.co/bemax/images/blog_05.jpg]
[templates.aucreative.co/bemax/images/footer-gallery_05.jpg]
[templates.aucreative.co/bemax/images/blog_06.jpg]
[templates.aucreative.co/bemax/images/footer-gallery_06.jpg]
[templates.aucreative.co/bemax/images/blog_07.jpg]
[templates.aucreative.co/bemax/images/footer-gallery_07.jpg]
[templates.aucreative.co/bemax/images/blog_08.jpg]
[templates.aucreative.co/bemax/images/footer-gallery_08.jpg]
[templates.aucreative.co/bemax/images/blog_09.jpg]
[templates.aucreative.co/bemax/images/footer-gallery_09.jpg]
[templates.aucreative.co/bemax/images/blog_10.jpg]
[templates.aucreative.co/bemax/images/footer-gallery_10.jpg]
[templates.aucreative.co/bemax/images/blog_11.jpg]
[templates.aucreative.co/bemax/images/footer-gallery_11.jpg]
[templates.aucreative.co/bemax/images/blog_12.jpg]
[templates.aucreative.co/bemax/images/footer-gallery_12.jpg]
[templates.aucreative.co/bemax/vendor/waypoints/jquery.waypoints.min.js]
[templates.aucreative.co/bemax/vendor/progressbar/bootstrap-progressbar.min.js]
[templates.aucreative.co/bemax/js/config-progress.min.js]
[templates.aucreative.co/bemax/js/config-lightcase.min.js]
[templates.aucreative.co/bemax/index2.html]
[templates.aucreative.co/bemax/images/slide_09.jpg]
[templates.aucreative.co/bemax/images/slide_10.jpg]
[templates.aucreative.co/bemax/images/slide_11.jpg]
[templates.aucreative.co/bemax/images/icon/iconbox_04.png]
[templates.aucreative.co/bemax/images/icon/iconbox_05.png]
[templates.aucreative.co/bemax/images/icon/iconbox_06.png]
[templates.aucreative.co/bemax/images/icon/iconbox_07.png]
[templates.aucreative.co/bemax/images/video_03.jpg]
[templates.aucreative.co/bemax/images/bg-image_01.jpg]
[templates.aucreative.co/bemax/images/user_04.png]
[templates.aucreative.co/bemax/images/user_05.png]
[templates.aucreative.co/bemax/images/mac-book.jpg]
[templates.aucreative.co/bemax/vendor/jquery.counterup/jquery.counterup.js]
[templates.aucreative.co/bemax/js/config-counter-up.min.js]
[templates.aucreative.co/bemax/index3.html]
[templates.aucreative.co/bemax/images/slide_12.jpg]
[templates.aucreative.co/bemax/images/slide_13.jpg]
[templates.aucreative.co/bemax/images/slide_14.jpg]
[templates.aucreative.co/bemax/images/about_01.jpg]
[templates.aucreative.co/bemax/images/project_12.jpg]
[templates.aucreative.co/bemax/images/project_11.jpg]
[templates.aucreative.co/bemax/images/project_10.jpg]
[templates.aucreative.co/bemax/index4.html]
[templates.aucreative.co/bemax/images/slide_15.jpg]
[templates.aucreative.co/bemax/images/slide_16.jpg]
[templates.aucreative.co/bemax/images/slide_17.jpg]
[templates.aucreative.co/bemax/images/about_02.jpg]
[templates.aucreative.co/bemax/images/bg-image_02.jpg]
[templates.aucreative.co/bemax/images/partner_07.png]
[templates.aucreative.co/bemax/images/partner_08.png]
[templates.aucreative.co/bemax/images/partner_09.png]
[templates.aucreative.co/bemax/images/partner_10.png]
[templates.aucreative.co/bemax/images/partner_11.png]
[templates.aucreative.co/bemax/images/partner_12.png]
[templates.aucreative.co/bemax/index5.html]
[templates.aucreative.co/bemax/images/icon/iconbox_08.png]
[templates.aucreative.co/bemax/images/icon/iconbox_09.png]
[templates.aucreative.co/bemax/images/icon/iconbox_10.png]
[templates.aucreative.co/bemax/images/icon/iconbox_11.png]
[templates.aucreative.co/bemax/images/video_02.jpg]
[templates.aucreative.co/bemax/images/bg-image_03.jpg]
[templates.aucreative.co/bemax/index6.html]
[templates.aucreative.co/bemax/vendor/isotope/isotope.js]
[templates.aucreative.co/bemax/typography.html]
[templates.aucreative.co/bemax/images/icon/icon_01.png]
[templates.aucreative.co/bemax/images/icon/icon_02.png]
[templates.aucreative.co/bemax/images/icon/icon_03.png]
[templates.aucreative.co/bemax/vendor/accordition/accordion.min.js]
[templates.aucreative.co/bemax/js/config-accordition.min.js]
[templates.aucreative.co/bemax/js/config-tabs.min.js]
[templates.aucreative.co/bemax/element.html]
[templates.aucreative.co/bemax/images/bg-image_07.jpg]
[templates.aucreative.co/bemax/images/video_04.jpg]
[templates.aucreative.co/bemax/images/user_06.jpg]
[templates.aucreative.co/bemax/images/user_07.jpg]
[templates.aucreative.co/bemax/images/user_08.jpg]
[templates.aucreative.co/bemax/images/user_09.jpg]
[templates.aucreative.co/bemax/about.html]
[templates.aucreative.co/bemax/images/about_03.jpg]
[templates.aucreative.co/bemax/images/about_04.jpg]
[templates.aucreative.co/bemax/images/about_05.jpg]
[templates.aucreative.co/bemax/images/bg-image_05.jpg]
[templates.aucreative.co/bemax/service.html]
[templates.aucreative.co/bemax/shop.html]
[templates.aucreative.co/bemax/images/icon/404.png]
[templates.aucreative.co/bemax/404.html]
[templates.aucreative.co/bemax/vendor/countdowntime/moment.min.js]
[templates.aucreative.co/bemax/vendor/countdowntime/moment-timezone.min.js]
[templates.aucreative.co/bemax/vendor/countdowntime/moment-timezone-with-data.min.js]
[templates.aucreative.co/bemax/vendor/countdowntime/countdowntime.js]
[templates.aucreative.co/bemax/js/config-countdown.min.js]
[templates.aucreative.co/bemax/coming.html]
[templates.aucreative.co/bemax/images/bg-image_04.jpg]
[templates.aucreative.co/bemax/images/project_13.jpg]
[templates.aucreative.co/bemax/js/config-grid.min.js]
[templates.aucreative.co/bemax/port-1.html]
[templates.aucreative.co/bemax/port-2.html]
[templates.aucreative.co/bemax/images/project_14.jpg]
[templates.aucreative.co/bemax/images/project_15.jpg]
[templates.aucreative.co/bemax/images/project_16.jpg]
[templates.aucreative.co/bemax/images/project_17.jpg]
[templates.aucreative.co/bemax/images/project_18.jpg]
[templates.aucreative.co/bemax/port-3.html]
[templates.aucreative.co/bemax/images/project-detail_01.jpg]
[templates.aucreative.co/bemax/images/project-detail_02.jpg]
[templates.aucreative.co/bemax/images/project-detail_03.jpg]
[templates.aucreative.co/bemax/images/project-detail_04.jpg]
[templates.aucreative.co/bemax/port-detail.html]
[templates.aucreative.co/bemax/blog-grid.html]
[templates.aucreative.co/bemax/blog-list.html]
[templates.aucreative.co/bemax/images/about_06.jpg]
[templates.aucreative.co/bemax/blog-detail.html]
[templates.aucreative.co/bemax/vendor/validator/validator.min.js]
[templates.aucreative.co/bemax/js/config-map.min.js]
[templates.aucreative.co/bemax/js/config-contact.min.js]
[templates.aucreative.co/bemax/contact.html]
[templates.aucreative.co/bemax/vendor/revolution/fonts/revicons/revicons90c6.svg]
[templates.aucreative.co/bemax/vendor/revolution/css/openhand.html]
[templates.aucreative.co/bemax/vendor/revolution/css/closedhand.html]
[templates.aucreative.co/bemax/vendor/fonts/fonts/fontawesome-webfont3e6e.svg]
[templates.aucreative.co/bemax/fonts/Lato/lato-v14-latin-100.svg]
[templates.aucreative.co/bemax/fonts/Lato/lato-v14-latin-100italic.svg]
[templates.aucreative.co/bemax/fonts/Lato/lato-v14-latin-300.svg]
[templates.aucreative.co/bemax/fonts/Lato/lato-v14-latin-300italic.svg]
[templates.aucreative.co/bemax/fonts/Lato/lato-v14-latin-regular.svg]
[templates.aucreative.co/bemax/fonts/Lato/lato-v14-latin-italic.svg]
[templates.aucreative.co/bemax/fonts/Lato/lato-v14-latin-700.svg]
[templates.aucreative.co/bemax/fonts/Lato/lato-v14-latin-700italic.svg]
[templates.aucreative.co/bemax/fonts/Lato/lato-v14-latin-900.svg]
[templates.aucreative.co/bemax/fonts/Lato/lato-v14-latin-900italic.svg]
[templates.aucreative.co/bemax/vendor/owlcarousel/dist/css/owl.theme.default.min.css]
[templates.aucreative.co/bemax/vendor/progressbar/bootstrap-progressbar.css]
[templates.aucreative.co/bemax/vendor/fonts/lightcaseeead.eot]
[templates.aucreative.co/bemax/vendor/fonts/lightcaseeead.woff]
[templates.aucreative.co/bemax/vendor/fonts/lightcaseeead.ttf]
[templates.aucreative.co/bemax/vendor/lightcase/lightcase.css]
[templates.aucreative.co/bemax/vendor/mbbootstrap/mdb.min.css]
[templates.aucreative.co/bemax/vendor/fonts/lightcaseeead.svg]
[templates.aucreative.co/bemax/vendor/img/overlays/01.html]
[templates.aucreative.co/bemax/vendor/img/overlays/02.html]
[templates.aucreative.co/bemax/vendor/img/overlays/03.html]
[templates.aucreative.co/bemax/vendor/img/overlays/04.html]
[templates.aucreative.co/bemax/vendor/img/overlays/05.html]
[templates.aucreative.co/bemax/vendor/img/overlays/06.html]
[templates.aucreative.co/bemax/vendor/img/overlays/07.html]
[templates.aucreative.co/bemax/vendor/img/overlays/08.html]
[templates.aucreative.co/bemax/vendor/img/overlays/09.html]
[templates.aucreative.co/bemax/vendor/img/svg/arrow_left.html]
[templates.aucreative.co/bemax/vendor/img/svg/arrow_right.html]
